// Jest Snapshot v1, https://goo.gl/fbAQLP

exports[`Navbar Component matches snapshot 1`] = `
<DocumentFragment>
  <div
    class="navbar"
  >
    <div
      class="navbar-left"
    >
      <img
        alt="userlogo"
        class="logo"
        src="applogo.png"
      />
      <span
        class="greeting"
      >
        Inssure
      </span>
    </div>
    <div
      class="navbar-middle"
    />
    <div
      class="navbar-right"
    >
      <img
        alt="userloginlogo"
        class="profile-image"
        src="userlogo.png"
      />
      <h1>
        Name
      </h1>
      <button
        class="action-button"
      >
        Logout
      </button>
    </div>
  </div>
</DocumentFragment>
`;
